[0.009s] Invoking command in '/home/whx/ros_sw2/build/ros2robot1': CMAKE_PREFIX_PATH=${CMAKE_PREFIX_PATH}:/opt/ros/humble /usr/bin/cmake --build /home/whx/ros_sw2/build/ros2robot1 -- -j20 -l20
[0.023s] -- Found ament_cmake: 1.3.14 (/opt/ros/humble/share/ament_cmake/cmake)
[0.095s] -- Found ament_lint_auto: 0.12.15 (/opt/ros/humble/share/ament_lint_auto/cmake)
[0.130s] -- Configuring done
[0.131s] -- Generating done
[0.132s] -- Build files have been written to: /home/whx/ros_sw2/build/ros2robot1
[0.143s] Invoked command in '/home/whx/ros_sw2/build/ros2robot1' returned '0': CMAKE_PREFIX_PATH=${CMAKE_PREFIX_PATH}:/opt/ros/humble /usr/bin/cmake --build /home/whx/ros_sw2/build/ros2robot1 -- -j20 -l20
[0.144s] Invoking command in '/home/whx/ros_sw2/build/ros2robot1': CMAKE_PREFIX_PATH=${CMAKE_PREFIX_PATH}:/opt/ros/humble /usr/bin/cmake --install /home/whx/ros_sw2/build/ros2robot1
[0.147s] -- Install configuration: ""
[0.147s] -- Installing: /home/whx/ros_sw2/install/ros2robot1/share/ros2robot1/package.xml
[0.147s] -- Up-to-date: /home/whx/ros_sw2/install/ros2robot1/share/ros2robot1/launch
[0.147s] -- Up-to-date: /home/whx/ros_sw2/install/ros2robot1/share/ros2robot1/launch/display.launch
[0.147s] -- Up-to-date: /home/whx/ros_sw2/install/ros2robot1/share/ros2robot1/launch/gazebo.launch
[0.147s] -- Up-to-date: /home/whx/ros_sw2/install/ros2robot1/share/ros2robot1/launch/gazebo.launch.py
[0.147s] -- Up-to-date: /home/whx/ros_sw2/install/ros2robot1/share/ros2robot1/urdf
[0.147s] -- Installing: /home/whx/ros_sw2/install/ros2robot1/share/ros2robot1/urdf/ros2robot1.urdf.xacro
[0.147s] -- Up-to-date: /home/whx/ros_sw2/install/ros2robot1/share/ros2robot1/urdf/ros2robot1.csv
[0.147s] -- Up-to-date: /home/whx/ros_sw2/install/ros2robot1/share/ros2robot1/world
[0.147s] -- Up-to-date: /home/whx/ros_sw2/install/ros2robot1/share/ros2robot1/world/custom_room.world
[0.147s] -- Up-to-date: /home/whx/ros_sw2/install/ros2robot1/share/ros2robot1/world/room
[0.148s] -- Up-to-date: /home/whx/ros_sw2/install/ros2robot1/share/ros2robot1/world/room/model.config
[0.148s] -- Up-to-date: /home/whx/ros_sw2/install/ros2robot1/share/ros2robot1/world/room/model.sdf
[0.148s] -- Up-to-date: /home/whx/ros_sw2/install/ros2robot1/share/ros2robot1/config
[0.148s] -- Up-to-date: /home/whx/ros_sw2/install/ros2robot1/share/ros2robot1/config/ros2_controllers.yaml
[0.148s] -- Up-to-date: /home/whx/ros_sw2/install/ros2robot1/share/ros2robot1/package.xml
[0.148s] -- Up-to-date: /home/whx/ros_sw2/install/ros2robot1/share/ament_index/resource_index/package_run_dependencies/ros2robot1
[0.148s] -- Up-to-date: /home/whx/ros_sw2/install/ros2robot1/share/ament_index/resource_index/parent_prefix_path/ros2robot1
[0.149s] -- Up-to-date: /home/whx/ros_sw2/install/ros2robot1/share/ros2robot1/environment/ament_prefix_path.sh
[0.149s] -- Installing: /home/whx/ros_sw2/install/ros2robot1/share/ros2robot1/environment/ament_prefix_path.dsv
[0.149s] -- Up-to-date: /home/whx/ros_sw2/install/ros2robot1/share/ros2robot1/environment/path.sh
[0.149s] -- Installing: /home/whx/ros_sw2/install/ros2robot1/share/ros2robot1/environment/path.dsv
[0.149s] -- Up-to-date: /home/whx/ros_sw2/install/ros2robot1/share/ros2robot1/local_setup.bash
[0.149s] -- Up-to-date: /home/whx/ros_sw2/install/ros2robot1/share/ros2robot1/local_setup.sh
[0.149s] -- Up-to-date: /home/whx/ros_sw2/install/ros2robot1/share/ros2robot1/local_setup.zsh
[0.149s] -- Installing: /home/whx/ros_sw2/install/ros2robot1/share/ros2robot1/local_setup.dsv
[0.149s] -- Installing: /home/whx/ros_sw2/install/ros2robot1/share/ros2robot1/package.dsv
[0.150s] -- Up-to-date: /home/whx/ros_sw2/install/ros2robot1/share/ament_index/resource_index/packages/ros2robot1
[0.150s] -- Up-to-date: /home/whx/ros_sw2/install/ros2robot1/share/ros2robot1/cmake/ros2robot1Config.cmake
[0.150s] -- Up-to-date: /home/whx/ros_sw2/install/ros2robot1/share/ros2robot1/cmake/ros2robot1Config-version.cmake
[0.150s] -- Up-to-date: /home/whx/ros_sw2/install/ros2robot1/share/ros2robot1/package.xml
[0.150s] Invoked command in '/home/whx/ros_sw2/build/ros2robot1' returned '0': CMAKE_PREFIX_PATH=${CMAKE_PREFIX_PATH}:/opt/ros/humble /usr/bin/cmake --install /home/whx/ros_sw2/build/ros2robot1
