[0.052s] DEBUG:colcon:Command line arguments: ['/usr/bin/colcon', 'build']
[0.052s] DEBUG:colcon:Parsed command line arguments: Namespace(log_base=None, log_level=None, verb_name='build', build_base='build', install_base='install', merge_install=False, symlink_install=False, test_result_base=None, continue_on_error=False, executor='parallel', parallel_workers=20, event_handlers=None, ignore_user_meta=False, metas=['./colcon.meta'], base_paths=['.'], packages_ignore=None, packages_ignore_regex=None, paths=None, packages_up_to=None, packages_up_to_regex=None, packages_above=None, packages_above_and_dependencies=None, packages_above_depth=None, packages_select_by_dep=None, packages_skip_by_dep=None, packages_skip_up_to=None, packages_select_build_failed=False, packages_skip_build_finished=False, packages_select_test_failures=False, packages_skip_test_passed=False, packages_select=None, packages_skip=None, packages_select_regex=None, packages_skip_regex=None, packages_start=None, packages_end=None, allow_overriding=[], cmake_args=None, cmake_target=None, cmake_target_skip_unavailable=False, cmake_clean_cache=False, cmake_clean_first=False, cmake_force_configure=False, ament_cmake_args=None, catkin_cmake_args=None, catkin_skip_building_tests=False, verb_parser=<colcon_defaults.argument_parser.defaults.DefaultArgumentsDecorator object at 0x7f6e838d8610>, verb_extension=<colcon_core.verb.build.BuildVerb object at 0x7f6e838d81c0>, main=<bound method BuildVerb.main of <colcon_core.verb.build.BuildVerb object at 0x7f6e838d81c0>>)
[0.131s] Level 1:colcon.colcon_core.package_discovery:discover_packages(colcon_meta) check parameters
[0.131s] Level 1:colcon.colcon_core.package_discovery:discover_packages(recursive) check parameters
[0.131s] Level 1:colcon.colcon_core.package_discovery:discover_packages(ignore) check parameters
[0.131s] Level 1:colcon.colcon_core.package_discovery:discover_packages(path) check parameters
[0.131s] Level 1:colcon.colcon_core.package_discovery:discover_packages(colcon_meta) discover
[0.131s] Level 1:colcon.colcon_core.package_discovery:discover_packages(recursive) discover
[0.131s] INFO:colcon.colcon_core.package_discovery:Crawling recursively for packages in '/home/whx/ros_sw2'
[0.131s] Level 1:colcon.colcon_core.package_identification:_identify(.) by extensions ['ignore', 'ignore_ament_install']
[0.131s] Level 1:colcon.colcon_core.package_identification:_identify(.) by extension 'ignore'
[0.131s] Level 1:colcon.colcon_core.package_identification:_identify(.) by extension 'ignore_ament_install'
[0.131s] Level 1:colcon.colcon_core.package_identification:_identify(.) by extensions ['colcon_pkg']
[0.131s] Level 1:colcon.colcon_core.package_identification:_identify(.) by extension 'colcon_pkg'
[0.131s] Level 1:colcon.colcon_core.package_identification:_identify(.) by extensions ['colcon_meta']
[0.131s] Level 1:colcon.colcon_core.package_identification:_identify(.) by extension 'colcon_meta'
[0.131s] Level 1:colcon.colcon_core.package_identification:_identify(.) by extensions ['ros']
[0.131s] Level 1:colcon.colcon_core.package_identification:_identify(.) by extension 'ros'
[0.137s] Level 1:colcon.colcon_core.package_identification:_identify(.) by extensions ['cmake', 'python']
[0.137s] Level 1:colcon.colcon_core.package_identification:_identify(.) by extension 'cmake'
[0.137s] Level 1:colcon.colcon_core.package_identification:_identify(.) by extension 'python'
[0.137s] Level 1:colcon.colcon_core.package_identification:_identify(.) by extensions ['python_setup_py']
[0.137s] Level 1:colcon.colcon_core.package_identification:_identify(.) by extension 'python_setup_py'
[0.137s] Level 1:colcon.colcon_core.package_identification:_identify(build) by extensions ['ignore', 'ignore_ament_install']
[0.137s] Level 1:colcon.colcon_core.package_identification:_identify(build) by extension 'ignore'
[0.137s] Level 1:colcon.colcon_core.package_identification:_identify(build) ignored
[0.137s] Level 1:colcon.colcon_core.package_identification:_identify(install) by extensions ['ignore', 'ignore_ament_install']
[0.137s] Level 1:colcon.colcon_core.package_identification:_identify(install) by extension 'ignore'
[0.138s] Level 1:colcon.colcon_core.package_identification:_identify(install) ignored
[0.138s] Level 1:colcon.colcon_core.package_identification:_identify(log) by extensions ['ignore', 'ignore_ament_install']
[0.138s] Level 1:colcon.colcon_core.package_identification:_identify(log) by extension 'ignore'
[0.138s] Level 1:colcon.colcon_core.package_identification:_identify(log) ignored
[0.138s] Level 1:colcon.colcon_core.package_identification:_identify(src) by extensions ['ignore', 'ignore_ament_install']
[0.138s] Level 1:colcon.colcon_core.package_identification:_identify(src) by extension 'ignore'
[0.138s] Level 1:colcon.colcon_core.package_identification:_identify(src) by extension 'ignore_ament_install'
[0.138s] Level 1:colcon.colcon_core.package_identification:_identify(src) by extensions ['colcon_pkg']
[0.138s] Level 1:colcon.colcon_core.package_identification:_identify(src) by extension 'colcon_pkg'
[0.138s] Level 1:colcon.colcon_core.package_identification:_identify(src) by extensions ['colcon_meta']
[0.138s] Level 1:colcon.colcon_core.package_identification:_identify(src) by extension 'colcon_meta'
[0.138s] Level 1:colcon.colcon_core.package_identification:_identify(src) by extensions ['ros']
[0.138s] Level 1:colcon.colcon_core.package_identification:_identify(src) by extension 'ros'
[0.138s] Level 1:colcon.colcon_core.package_identification:_identify(src) by extensions ['cmake', 'python']
[0.138s] Level 1:colcon.colcon_core.package_identification:_identify(src) by extension 'cmake'
[0.138s] Level 1:colcon.colcon_core.package_identification:_identify(src) by extension 'python'
[0.138s] Level 1:colcon.colcon_core.package_identification:_identify(src) by extensions ['python_setup_py']
[0.138s] Level 1:colcon.colcon_core.package_identification:_identify(src) by extension 'python_setup_py'
[0.138s] Level 1:colcon.colcon_core.package_identification:_identify(src/ros2robot1) by extensions ['ignore', 'ignore_ament_install']
[0.138s] Level 1:colcon.colcon_core.package_identification:_identify(src/ros2robot1) by extension 'ignore'
[0.138s] Level 1:colcon.colcon_core.package_identification:_identify(src/ros2robot1) by extension 'ignore_ament_install'
[0.138s] Level 1:colcon.colcon_core.package_identification:_identify(src/ros2robot1) by extensions ['colcon_pkg']
[0.138s] Level 1:colcon.colcon_core.package_identification:_identify(src/ros2robot1) by extension 'colcon_pkg'
[0.138s] Level 1:colcon.colcon_core.package_identification:_identify(src/ros2robot1) by extensions ['colcon_meta']
[0.138s] Level 1:colcon.colcon_core.package_identification:_identify(src/ros2robot1) by extension 'colcon_meta'
[0.138s] Level 1:colcon.colcon_core.package_identification:_identify(src/ros2robot1) by extensions ['ros']
[0.138s] Level 1:colcon.colcon_core.package_identification:_identify(src/ros2robot1) by extension 'ros'
[0.140s] DEBUG:colcon.colcon_core.package_identification:Package 'src/ros2robot1' with type 'ros.ament_cmake' and name 'ros2robot1'
[0.140s] Level 1:colcon.colcon_core.package_identification:_identify(src/ros_robot) by extensions ['ignore', 'ignore_ament_install']
[0.140s] Level 1:colcon.colcon_core.package_identification:_identify(src/ros_robot) by extension 'ignore'
[0.140s] Level 1:colcon.colcon_core.package_identification:_identify(src/ros_robot) by extension 'ignore_ament_install'
[0.140s] Level 1:colcon.colcon_core.package_identification:_identify(src/ros_robot) by extensions ['colcon_pkg']
[0.140s] Level 1:colcon.colcon_core.package_identification:_identify(src/ros_robot) by extension 'colcon_pkg'
[0.140s] Level 1:colcon.colcon_core.package_identification:_identify(src/ros_robot) by extensions ['colcon_meta']
[0.140s] Level 1:colcon.colcon_core.package_identification:_identify(src/ros_robot) by extension 'colcon_meta'
[0.140s] Level 1:colcon.colcon_core.package_identification:_identify(src/ros_robot) by extensions ['ros']
[0.140s] Level 1:colcon.colcon_core.package_identification:_identify(src/ros_robot) by extension 'ros'
[0.140s] DEBUG:colcon.colcon_core.package_identification:Package 'src/ros_robot' with type 'ros.ament_cmake' and name 'ros_robot'
[0.140s] Level 1:colcon.colcon_core.package_discovery:discover_packages(recursive) using defaults
[0.140s] Level 1:colcon.colcon_core.package_discovery:discover_packages(ignore) discover
[0.140s] Level 1:colcon.colcon_core.package_discovery:discover_packages(ignore) using defaults
[0.140s] Level 1:colcon.colcon_core.package_discovery:discover_packages(path) discover
[0.140s] Level 1:colcon.colcon_core.package_discovery:discover_packages(path) using defaults
[0.153s] Level 1:colcon.colcon_core.package_discovery:discover_packages(prefix_path) check parameters
[0.153s] Level 1:colcon.colcon_core.package_discovery:discover_packages(prefix_path) discover
[0.154s] DEBUG:colcon.colcon_installed_package_information.package_discovery:Found 2 installed packages in /home/whx/ros_sw2/install
[0.155s] DEBUG:colcon.colcon_installed_package_information.package_discovery:Found 335 installed packages in /opt/ros/humble
[0.161s] Level 1:colcon.colcon_core.package_discovery:discover_packages(prefix_path) using defaults
[0.184s] Level 5:colcon.colcon_core.verb:set package 'ros2robot1' build argument 'cmake_args' from command line to 'None'
[0.184s] Level 5:colcon.colcon_core.verb:set package 'ros2robot1' build argument 'cmake_target' from command line to 'None'
[0.184s] Level 5:colcon.colcon_core.verb:set package 'ros2robot1' build argument 'cmake_target_skip_unavailable' from command line to 'False'
[0.184s] Level 5:colcon.colcon_core.verb:set package 'ros2robot1' build argument 'cmake_clean_cache' from command line to 'False'
[0.184s] Level 5:colcon.colcon_core.verb:set package 'ros2robot1' build argument 'cmake_clean_first' from command line to 'False'
[0.184s] Level 5:colcon.colcon_core.verb:set package 'ros2robot1' build argument 'cmake_force_configure' from command line to 'False'
[0.184s] Level 5:colcon.colcon_core.verb:set package 'ros2robot1' build argument 'ament_cmake_args' from command line to 'None'
[0.184s] Level 5:colcon.colcon_core.verb:set package 'ros2robot1' build argument 'catkin_cmake_args' from command line to 'None'
[0.184s] Level 5:colcon.colcon_core.verb:set package 'ros2robot1' build argument 'catkin_skip_building_tests' from command line to 'False'
[0.184s] DEBUG:colcon.colcon_core.verb:Building package 'ros2robot1' with the following arguments: {'ament_cmake_args': None, 'build_base': '/home/whx/ros_sw2/build/ros2robot1', 'catkin_cmake_args': None, 'catkin_skip_building_tests': False, 'cmake_args': None, 'cmake_clean_cache': False, 'cmake_clean_first': False, 'cmake_force_configure': False, 'cmake_target': None, 'cmake_target_skip_unavailable': False, 'install_base': '/home/whx/ros_sw2/install/ros2robot1', 'merge_install': False, 'path': '/home/whx/ros_sw2/src/ros2robot1', 'symlink_install': False, 'test_result_base': None}
[0.184s] Level 5:colcon.colcon_core.verb:set package 'ros_robot' build argument 'cmake_args' from command line to 'None'
[0.184s] Level 5:colcon.colcon_core.verb:set package 'ros_robot' build argument 'cmake_target' from command line to 'None'
[0.184s] Level 5:colcon.colcon_core.verb:set package 'ros_robot' build argument 'cmake_target_skip_unavailable' from command line to 'False'
[0.184s] Level 5:colcon.colcon_core.verb:set package 'ros_robot' build argument 'cmake_clean_cache' from command line to 'False'
[0.184s] Level 5:colcon.colcon_core.verb:set package 'ros_robot' build argument 'cmake_clean_first' from command line to 'False'
[0.184s] Level 5:colcon.colcon_core.verb:set package 'ros_robot' build argument 'cmake_force_configure' from command line to 'False'
[0.184s] Level 5:colcon.colcon_core.verb:set package 'ros_robot' build argument 'ament_cmake_args' from command line to 'None'
[0.184s] Level 5:colcon.colcon_core.verb:set package 'ros_robot' build argument 'catkin_cmake_args' from command line to 'None'
[0.184s] Level 5:colcon.colcon_core.verb:set package 'ros_robot' build argument 'catkin_skip_building_tests' from command line to 'False'
[0.184s] DEBUG:colcon.colcon_core.verb:Building package 'ros_robot' with the following arguments: {'ament_cmake_args': None, 'build_base': '/home/whx/ros_sw2/build/ros_robot', 'catkin_cmake_args': None, 'catkin_skip_building_tests': False, 'cmake_args': None, 'cmake_clean_cache': False, 'cmake_clean_first': False, 'cmake_force_configure': False, 'cmake_target': None, 'cmake_target_skip_unavailable': False, 'install_base': '/home/whx/ros_sw2/install/ros_robot', 'merge_install': False, 'path': '/home/whx/ros_sw2/src/ros_robot', 'symlink_install': False, 'test_result_base': None}
[0.184s] INFO:colcon.colcon_core.executor:Executing jobs using 'parallel' executor
[0.185s] DEBUG:colcon.colcon_parallel_executor.executor.parallel:run_until_complete
[0.185s] INFO:colcon.colcon_ros.task.ament_cmake.build:Building ROS package in '/home/whx/ros_sw2/src/ros2robot1' with build type 'ament_cmake'
[0.185s] INFO:colcon.colcon_cmake.task.cmake.build:Building CMake package in '/home/whx/ros_sw2/src/ros2robot1'
[0.186s] INFO:colcon.colcon_core.plugin_system:Skipping extension 'colcon_core.shell.bat': Not used on non-Windows systems
[0.187s] INFO:colcon.colcon_core.shell:Skip shell extension 'powershell' for command environment: Not usable outside of PowerShell
[0.187s] DEBUG:colcon.colcon_core.shell:Skip shell extension 'dsv' for command environment
[0.189s] INFO:colcon.colcon_ros.task.ament_cmake.build:Building ROS package in '/home/whx/ros_sw2/src/ros_robot' with build type 'ament_cmake'
[0.189s] INFO:colcon.colcon_cmake.task.cmake.build:Building CMake package in '/home/whx/ros_sw2/src/ros_robot'
[0.189s] INFO:colcon.colcon_core.shell:Skip shell extension 'powershell' for command environment: Not usable outside of PowerShell
[0.190s] DEBUG:colcon.colcon_core.shell:Skip shell extension 'dsv' for command environment
[0.195s] DEBUG:colcon.colcon_core.event_handler.log_command:Invoking command in '/home/whx/ros_sw2/build/ros2robot1': CMAKE_PREFIX_PATH=${CMAKE_PREFIX_PATH}:/opt/ros/humble /usr/bin/cmake --build /home/whx/ros_sw2/build/ros2robot1 -- -j20 -l20
[0.199s] DEBUG:colcon.colcon_core.event_handler.log_command:Invoking command in '/home/whx/ros_sw2/build/ros_robot': CMAKE_PREFIX_PATH=${CMAKE_PREFIX_PATH}:/opt/ros/humble /usr/bin/cmake --build /home/whx/ros_sw2/build/ros_robot -- -j20 -l20
[0.216s] DEBUG:colcon.colcon_core.event_handler.log_command:Invoked command in '/home/whx/ros_sw2/build/ros2robot1' returned '0': CMAKE_PREFIX_PATH=${CMAKE_PREFIX_PATH}:/opt/ros/humble /usr/bin/cmake --build /home/whx/ros_sw2/build/ros2robot1 -- -j20 -l20
[0.221s] DEBUG:colcon.colcon_core.event_handler.log_command:Invoking command in '/home/whx/ros_sw2/build/ros2robot1': CMAKE_PREFIX_PATH=${CMAKE_PREFIX_PATH}:/opt/ros/humble /usr/bin/cmake --install /home/whx/ros_sw2/build/ros2robot1
[0.222s] DEBUG:colcon.colcon_core.event_handler.log_command:Invoked command in '/home/whx/ros_sw2/build/ros_robot' returned '0': CMAKE_PREFIX_PATH=${CMAKE_PREFIX_PATH}:/opt/ros/humble /usr/bin/cmake --build /home/whx/ros_sw2/build/ros_robot -- -j20 -l20
[0.223s] DEBUG:colcon.colcon_core.event_handler.log_command:Invoking command in '/home/whx/ros_sw2/build/ros_robot': CMAKE_PREFIX_PATH=${CMAKE_PREFIX_PATH}:/opt/ros/humble /usr/bin/cmake --install /home/whx/ros_sw2/build/ros_robot
[0.227s] Level 1:colcon.colcon_core.environment:create_environment_scripts_only(ros2robot1)
[0.230s] Level 1:colcon.colcon_core.environment:checking '/home/whx/ros_sw2/install/ros2robot1' for CMake module files
[0.231s] Level 1:colcon.colcon_core.environment:checking '/home/whx/ros_sw2/install/ros2robot1' for CMake config files
[0.232s] DEBUG:colcon.colcon_core.event_handler.log_command:Invoked command in '/home/whx/ros_sw2/build/ros2robot1' returned '0': CMAKE_PREFIX_PATH=${CMAKE_PREFIX_PATH}:/opt/ros/humble /usr/bin/cmake --install /home/whx/ros_sw2/build/ros2robot1
[0.232s] Level 1:colcon.colcon_core.shell:create_environment_hook('ros2robot1', 'cmake_prefix_path')
[0.232s] INFO:colcon.colcon_core.shell:Creating environment hook '/home/whx/ros_sw2/install/ros2robot1/share/ros2robot1/hook/cmake_prefix_path.ps1'
[0.232s] INFO:colcon.colcon_core.shell:Creating environment descriptor '/home/whx/ros_sw2/install/ros2robot1/share/ros2robot1/hook/cmake_prefix_path.dsv'
[0.233s] INFO:colcon.colcon_core.shell:Creating environment hook '/home/whx/ros_sw2/install/ros2robot1/share/ros2robot1/hook/cmake_prefix_path.sh'
[0.234s] Level 1:colcon.colcon_core.environment:checking '/home/whx/ros_sw2/install/ros2robot1/bin'
[0.234s] Level 1:colcon.colcon_core.environment:checking '/home/whx/ros_sw2/install/ros2robot1/lib/pkgconfig/ros2robot1.pc'
[0.234s] Level 1:colcon.colcon_core.environment:checking '/home/whx/ros_sw2/install/ros2robot1/lib/python3.10/site-packages'
[0.234s] Level 1:colcon.colcon_core.environment:checking '/home/whx/ros_sw2/install/ros2robot1/bin'
[0.234s] INFO:colcon.colcon_core.shell:Creating package script '/home/whx/ros_sw2/install/ros2robot1/share/ros2robot1/package.ps1'
[0.235s] INFO:colcon.colcon_core.shell:Creating package descriptor '/home/whx/ros_sw2/install/ros2robot1/share/ros2robot1/package.dsv'
[0.235s] INFO:colcon.colcon_core.shell:Creating package script '/home/whx/ros_sw2/install/ros2robot1/share/ros2robot1/package.sh'
[0.235s] INFO:colcon.colcon_core.shell:Creating package script '/home/whx/ros_sw2/install/ros2robot1/share/ros2robot1/package.bash'
[0.236s] INFO:colcon.colcon_core.shell:Creating package script '/home/whx/ros_sw2/install/ros2robot1/share/ros2robot1/package.zsh'
[0.236s] Level 1:colcon.colcon_core.environment:create_file_with_runtime_dependencies(/home/whx/ros_sw2/install/ros2robot1/share/colcon-core/packages/ros2robot1)
[0.236s] Level 1:colcon.colcon_core.environment:create_environment_scripts_only(ros2robot1)
[0.236s] Level 1:colcon.colcon_core.environment:checking '/home/whx/ros_sw2/install/ros2robot1' for CMake module files
[0.237s] Level 1:colcon.colcon_core.environment:checking '/home/whx/ros_sw2/install/ros2robot1' for CMake config files
[0.237s] Level 1:colcon.colcon_core.shell:create_environment_hook('ros2robot1', 'cmake_prefix_path')
[0.237s] INFO:colcon.colcon_core.shell:Creating environment hook '/home/whx/ros_sw2/install/ros2robot1/share/ros2robot1/hook/cmake_prefix_path.ps1'
[0.237s] INFO:colcon.colcon_core.shell:Creating environment descriptor '/home/whx/ros_sw2/install/ros2robot1/share/ros2robot1/hook/cmake_prefix_path.dsv'
[0.237s] INFO:colcon.colcon_core.shell:Creating environment hook '/home/whx/ros_sw2/install/ros2robot1/share/ros2robot1/hook/cmake_prefix_path.sh'
[0.237s] Level 1:colcon.colcon_core.environment:checking '/home/whx/ros_sw2/install/ros2robot1/bin'
[0.237s] Level 1:colcon.colcon_core.environment:checking '/home/whx/ros_sw2/install/ros2robot1/lib/pkgconfig/ros2robot1.pc'
[0.238s] Level 1:colcon.colcon_core.environment:checking '/home/whx/ros_sw2/install/ros2robot1/lib/python3.10/site-packages'
[0.238s] Level 1:colcon.colcon_core.environment:checking '/home/whx/ros_sw2/install/ros2robot1/bin'
[0.238s] INFO:colcon.colcon_core.shell:Creating package script '/home/whx/ros_sw2/install/ros2robot1/share/ros2robot1/package.ps1'
[0.238s] INFO:colcon.colcon_core.shell:Creating package descriptor '/home/whx/ros_sw2/install/ros2robot1/share/ros2robot1/package.dsv'
[0.238s] INFO:colcon.colcon_core.shell:Creating package script '/home/whx/ros_sw2/install/ros2robot1/share/ros2robot1/package.sh'
[0.239s] INFO:colcon.colcon_core.shell:Creating package script '/home/whx/ros_sw2/install/ros2robot1/share/ros2robot1/package.bash'
[0.239s] INFO:colcon.colcon_core.shell:Creating package script '/home/whx/ros_sw2/install/ros2robot1/share/ros2robot1/package.zsh'
[0.239s] Level 1:colcon.colcon_core.environment:create_file_with_runtime_dependencies(/home/whx/ros_sw2/install/ros2robot1/share/colcon-core/packages/ros2robot1)
[0.240s] Level 1:colcon.colcon_core.environment:create_environment_scripts_only(ros_robot)
[0.240s] Level 1:colcon.colcon_core.environment:checking '/home/whx/ros_sw2/install/ros_robot' for CMake module files
[0.240s] DEBUG:colcon.colcon_core.event_handler.log_command:Invoked command in '/home/whx/ros_sw2/build/ros_robot' returned '0': CMAKE_PREFIX_PATH=${CMAKE_PREFIX_PATH}:/opt/ros/humble /usr/bin/cmake --install /home/whx/ros_sw2/build/ros_robot
[0.240s] Level 1:colcon.colcon_core.environment:checking '/home/whx/ros_sw2/install/ros_robot' for CMake config files
[0.240s] Level 1:colcon.colcon_core.shell:create_environment_hook('ros_robot', 'cmake_prefix_path')
[0.240s] INFO:colcon.colcon_core.shell:Creating environment hook '/home/whx/ros_sw2/install/ros_robot/share/ros_robot/hook/cmake_prefix_path.ps1'
[0.241s] INFO:colcon.colcon_core.shell:Creating environment descriptor '/home/whx/ros_sw2/install/ros_robot/share/ros_robot/hook/cmake_prefix_path.dsv'
[0.241s] INFO:colcon.colcon_core.shell:Creating environment hook '/home/whx/ros_sw2/install/ros_robot/share/ros_robot/hook/cmake_prefix_path.sh'
[0.241s] Level 1:colcon.colcon_core.environment:checking '/home/whx/ros_sw2/install/ros_robot/bin'
[0.241s] Level 1:colcon.colcon_core.environment:checking '/home/whx/ros_sw2/install/ros_robot/lib/pkgconfig/ros_robot.pc'
[0.242s] Level 1:colcon.colcon_core.environment:checking '/home/whx/ros_sw2/install/ros_robot/lib/python3.10/site-packages'
[0.242s] Level 1:colcon.colcon_core.environment:checking '/home/whx/ros_sw2/install/ros_robot/bin'
[0.242s] INFO:colcon.colcon_core.shell:Creating package script '/home/whx/ros_sw2/install/ros_robot/share/ros_robot/package.ps1'
[0.242s] INFO:colcon.colcon_core.shell:Creating package descriptor '/home/whx/ros_sw2/install/ros_robot/share/ros_robot/package.dsv'
[0.242s] INFO:colcon.colcon_core.shell:Creating package script '/home/whx/ros_sw2/install/ros_robot/share/ros_robot/package.sh'
[0.243s] INFO:colcon.colcon_core.shell:Creating package script '/home/whx/ros_sw2/install/ros_robot/share/ros_robot/package.bash'
[0.243s] INFO:colcon.colcon_core.shell:Creating package script '/home/whx/ros_sw2/install/ros_robot/share/ros_robot/package.zsh'
[0.243s] Level 1:colcon.colcon_core.environment:create_file_with_runtime_dependencies(/home/whx/ros_sw2/install/ros_robot/share/colcon-core/packages/ros_robot)
[0.243s] Level 1:colcon.colcon_core.environment:create_environment_scripts_only(ros_robot)
[0.243s] Level 1:colcon.colcon_core.environment:checking '/home/whx/ros_sw2/install/ros_robot' for CMake module files
[0.243s] Level 1:colcon.colcon_core.environment:checking '/home/whx/ros_sw2/install/ros_robot' for CMake config files
[0.243s] Level 1:colcon.colcon_core.shell:create_environment_hook('ros_robot', 'cmake_prefix_path')
[0.244s] INFO:colcon.colcon_core.shell:Creating environment hook '/home/whx/ros_sw2/install/ros_robot/share/ros_robot/hook/cmake_prefix_path.ps1'
[0.244s] INFO:colcon.colcon_core.shell:Creating environment descriptor '/home/whx/ros_sw2/install/ros_robot/share/ros_robot/hook/cmake_prefix_path.dsv'
[0.244s] INFO:colcon.colcon_core.shell:Creating environment hook '/home/whx/ros_sw2/install/ros_robot/share/ros_robot/hook/cmake_prefix_path.sh'
[0.244s] Level 1:colcon.colcon_core.environment:checking '/home/whx/ros_sw2/install/ros_robot/bin'
[0.244s] Level 1:colcon.colcon_core.environment:checking '/home/whx/ros_sw2/install/ros_robot/lib/pkgconfig/ros_robot.pc'
[0.244s] Level 1:colcon.colcon_core.environment:checking '/home/whx/ros_sw2/install/ros_robot/lib/python3.10/site-packages'
[0.244s] Level 1:colcon.colcon_core.environment:checking '/home/whx/ros_sw2/install/ros_robot/bin'
[0.245s] INFO:colcon.colcon_core.shell:Creating package script '/home/whx/ros_sw2/install/ros_robot/share/ros_robot/package.ps1'
[0.245s] INFO:colcon.colcon_core.shell:Creating package descriptor '/home/whx/ros_sw2/install/ros_robot/share/ros_robot/package.dsv'
[0.245s] INFO:colcon.colcon_core.shell:Creating package script '/home/whx/ros_sw2/install/ros_robot/share/ros_robot/package.sh'
[0.245s] INFO:colcon.colcon_core.shell:Creating package script '/home/whx/ros_sw2/install/ros_robot/share/ros_robot/package.bash'
[0.246s] INFO:colcon.colcon_core.shell:Creating package script '/home/whx/ros_sw2/install/ros_robot/share/ros_robot/package.zsh'
[0.246s] Level 1:colcon.colcon_core.environment:create_file_with_runtime_dependencies(/home/whx/ros_sw2/install/ros_robot/share/colcon-core/packages/ros_robot)
[0.246s] DEBUG:colcon.colcon_parallel_executor.executor.parallel:closing loop
[0.246s] DEBUG:colcon.colcon_parallel_executor.executor.parallel:loop closed
[0.246s] DEBUG:colcon.colcon_parallel_executor.executor.parallel:run_until_complete finished with '0'
[0.246s] DEBUG:colcon.colcon_core.event_reactor:joining thread
[0.250s] INFO:colcon.colcon_core.plugin_system:Skipping extension 'colcon_notification.desktop_notification.terminal_notifier': Not used on non-Darwin systems
[0.251s] INFO:colcon.colcon_core.plugin_system:Skipping extension 'colcon_notification.desktop_notification.win32': Not used on non-Windows systems
[0.251s] INFO:colcon.colcon_notification.desktop_notification:Sending desktop notification using 'notify2'
[0.263s] DEBUG:colcon.colcon_core.event_reactor:joined thread
[0.263s] INFO:colcon.colcon_core.shell:Creating prefix script '/home/whx/ros_sw2/install/local_setup.ps1'
[0.264s] INFO:colcon.colcon_core.shell:Creating prefix util module '/home/whx/ros_sw2/install/_local_setup_util_ps1.py'
[0.264s] INFO:colcon.colcon_core.shell:Creating prefix chain script '/home/whx/ros_sw2/install/setup.ps1'
[0.265s] INFO:colcon.colcon_core.shell:Creating prefix script '/home/whx/ros_sw2/install/local_setup.sh'
[0.265s] INFO:colcon.colcon_core.shell:Creating prefix util module '/home/whx/ros_sw2/install/_local_setup_util_sh.py'
[0.265s] INFO:colcon.colcon_core.shell:Creating prefix chain script '/home/whx/ros_sw2/install/setup.sh'
[0.266s] INFO:colcon.colcon_core.shell:Creating prefix script '/home/whx/ros_sw2/install/local_setup.bash'
[0.266s] INFO:colcon.colcon_core.shell:Creating prefix chain script '/home/whx/ros_sw2/install/setup.bash'
[0.267s] INFO:colcon.colcon_core.shell:Creating prefix script '/home/whx/ros_sw2/install/local_setup.zsh'
[0.267s] INFO:colcon.colcon_core.shell:Creating prefix chain script '/home/whx/ros_sw2/install/setup.zsh'
