[0.006s] Invoking command in '/home/whx/ros_sw2/build/ros_robot': CMAKE_PREFIX_PATH=${CMAKE_PREFIX_PATH}:/opt/ros/humble /usr/bin/cmake /home/whx/ros_sw2/src/ros_robot -DCMAKE_INSTALL_PREFIX=/home/whx/ros_sw2/install/ros_robot
[0.063s] -- The C compiler identification is GNU 11.4.0
[0.111s] -- The CXX compiler identification is GNU 11.4.0
[0.117s] -- Detecting C compiler ABI info
[0.154s] -- Detecting C compiler ABI info - done
[0.158s] -- Check for working C compiler: /usr/bin/cc - skipped
[0.158s] -- Detecting C compile features
[0.158s] -- Detecting C compile features - done
[0.161s] -- Detecting CXX compiler ABI info
[0.203s] -- Detecting CXX compiler ABI info - done
[0.207s] -- Check for working CXX compiler: /usr/bin/c++ - skipped
[0.208s] -- Detecting CXX compile features
[0.208s] -- Detecting CXX compile features - done
[0.211s] -- Found ament_cmake: 1.3.14 (/opt/ros/humble/share/ament_cmake/cmake)
[0.296s] -- Found Python3: /usr/bin/python3 (found version "3.10.12") found components: Interpreter 
[0.351s] -- Found ament_lint_auto: 0.12.15 (/opt/ros/humble/share/ament_lint_auto/cmake)
[0.396s] -- Added test 'lint_cmake' to check CMake code style
[0.397s] -- Added test 'xmllint' to check XML markup files
[0.397s] -- Configuring done
[0.399s] -- Generating done
[0.399s] -- Build files have been written to: /home/whx/ros_sw2/build/ros_robot
[0.402s] Invoked command in '/home/whx/ros_sw2/build/ros_robot' returned '0': CMAKE_PREFIX_PATH=${CMAKE_PREFIX_PATH}:/opt/ros/humble /usr/bin/cmake /home/whx/ros_sw2/src/ros_robot -DCMAKE_INSTALL_PREFIX=/home/whx/ros_sw2/install/ros_robot
[0.403s] Invoking command in '/home/whx/ros_sw2/build/ros_robot': CMAKE_PREFIX_PATH=${CMAKE_PREFIX_PATH}:/opt/ros/humble /usr/bin/cmake --build /home/whx/ros_sw2/build/ros_robot -- -j20 -l20
[0.421s] Invoked command in '/home/whx/ros_sw2/build/ros_robot' returned '0': CMAKE_PREFIX_PATH=${CMAKE_PREFIX_PATH}:/opt/ros/humble /usr/bin/cmake --build /home/whx/ros_sw2/build/ros_robot -- -j20 -l20
[0.421s] Invoking command in '/home/whx/ros_sw2/build/ros_robot': CMAKE_PREFIX_PATH=${CMAKE_PREFIX_PATH}:/opt/ros/humble /usr/bin/cmake --install /home/whx/ros_sw2/build/ros_robot
[0.424s] -- Install configuration: ""
[0.424s] -- Installing: /home/whx/ros_sw2/install/ros_robot/share/ament_index/resource_index/package_run_dependencies/ros_robot
[0.424s] -- Installing: /home/whx/ros_sw2/install/ros_robot/share/ament_index/resource_index/parent_prefix_path/ros_robot
[0.425s] -- Installing: /home/whx/ros_sw2/install/ros_robot/share/ros_robot/environment/ament_prefix_path.sh
[0.425s] -- Installing: /home/whx/ros_sw2/install/ros_robot/share/ros_robot/environment/ament_prefix_path.dsv
[0.425s] -- Installing: /home/whx/ros_sw2/install/ros_robot/share/ros_robot/environment/path.sh
[0.425s] -- Installing: /home/whx/ros_sw2/install/ros_robot/share/ros_robot/environment/path.dsv
[0.425s] -- Installing: /home/whx/ros_sw2/install/ros_robot/share/ros_robot/local_setup.bash
[0.425s] -- Installing: /home/whx/ros_sw2/install/ros_robot/share/ros_robot/local_setup.sh
[0.425s] -- Installing: /home/whx/ros_sw2/install/ros_robot/share/ros_robot/local_setup.zsh
[0.425s] -- Installing: /home/whx/ros_sw2/install/ros_robot/share/ros_robot/local_setup.dsv
[0.425s] -- Installing: /home/whx/ros_sw2/install/ros_robot/share/ros_robot/package.dsv
[0.425s] -- Installing: /home/whx/ros_sw2/install/ros_robot/share/ament_index/resource_index/packages/ros_robot
[0.426s] -- Installing: /home/whx/ros_sw2/install/ros_robot/share/ros_robot/cmake/ros_robotConfig.cmake
[0.426s] -- Installing: /home/whx/ros_sw2/install/ros_robot/share/ros_robot/cmake/ros_robotConfig-version.cmake
[0.426s] -- Installing: /home/whx/ros_sw2/install/ros_robot/share/ros_robot/package.xml
[0.427s] Invoked command in '/home/whx/ros_sw2/build/ros_robot' returned '0': CMAKE_PREFIX_PATH=${CMAKE_PREFIX_PATH}:/opt/ros/humble /usr/bin/cmake --install /home/whx/ros_sw2/build/ros_robot
