[0.072s] DEBUG:colcon:Command line arguments: ['/usr/bin/colcon', 'build']
[0.072s] DEBUG:colcon:Parsed command line arguments: Namespace(log_base=None, log_level=None, verb_name='build', build_base='build', install_base='install', merge_install=False, symlink_install=False, test_result_base=None, continue_on_error=False, executor='parallel', parallel_workers=20, event_handlers=None, ignore_user_meta=False, metas=['./colcon.meta'], base_paths=['.'], packages_ignore=None, packages_ignore_regex=None, paths=None, packages_up_to=None, packages_up_to_regex=None, packages_above=None, packages_above_and_dependencies=None, packages_above_depth=None, packages_select_by_dep=None, packages_skip_by_dep=None, packages_skip_up_to=None, packages_select_build_failed=False, packages_skip_build_finished=False, packages_select_test_failures=False, packages_skip_test_passed=False, packages_select=None, packages_skip=None, packages_select_regex=None, packages_skip_regex=None, packages_start=None, packages_end=None, allow_overriding=[], cmake_args=None, cmake_target=None, cmake_target_skip_unavailable=False, cmake_clean_cache=False, cmake_clean_first=False, cmake_force_configure=False, ament_cmake_args=None, catkin_cmake_args=None, catkin_skip_building_tests=False, verb_parser=<colcon_defaults.argument_parser.defaults.DefaultArgumentsDecorator object at 0x7fe6b6210550>, verb_extension=<colcon_core.verb.build.BuildVerb object at 0x7fe6b62100a0>, main=<bound method BuildVerb.main of <colcon_core.verb.build.BuildVerb object at 0x7fe6b62100a0>>)
[0.189s] Level 1:colcon.colcon_core.package_discovery:discover_packages(colcon_meta) check parameters
[0.189s] Level 1:colcon.colcon_core.package_discovery:discover_packages(recursive) check parameters
[0.189s] Level 1:colcon.colcon_core.package_discovery:discover_packages(ignore) check parameters
[0.189s] Level 1:colcon.colcon_core.package_discovery:discover_packages(path) check parameters
[0.189s] Level 1:colcon.colcon_core.package_discovery:discover_packages(colcon_meta) discover
[0.189s] Level 1:colcon.colcon_core.package_discovery:discover_packages(recursive) discover
[0.189s] INFO:colcon.colcon_core.package_discovery:Crawling recursively for packages in '/home/whx/ros_sw2'
[0.190s] Level 1:colcon.colcon_core.package_identification:_identify(.) by extensions ['ignore', 'ignore_ament_install']
[0.190s] Level 1:colcon.colcon_core.package_identification:_identify(.) by extension 'ignore'
[0.190s] Level 1:colcon.colcon_core.package_identification:_identify(.) by extension 'ignore_ament_install'
[0.190s] Level 1:colcon.colcon_core.package_identification:_identify(.) by extensions ['colcon_pkg']
[0.190s] Level 1:colcon.colcon_core.package_identification:_identify(.) by extension 'colcon_pkg'
[0.190s] Level 1:colcon.colcon_core.package_identification:_identify(.) by extensions ['colcon_meta']
[0.190s] Level 1:colcon.colcon_core.package_identification:_identify(.) by extension 'colcon_meta'
[0.190s] Level 1:colcon.colcon_core.package_identification:_identify(.) by extensions ['ros']
[0.190s] Level 1:colcon.colcon_core.package_identification:_identify(.) by extension 'ros'
[0.198s] Level 1:colcon.colcon_core.package_identification:_identify(.) by extensions ['cmake', 'python']
[0.198s] Level 1:colcon.colcon_core.package_identification:_identify(.) by extension 'cmake'
[0.198s] Level 1:colcon.colcon_core.package_identification:_identify(.) by extension 'python'
[0.198s] Level 1:colcon.colcon_core.package_identification:_identify(.) by extensions ['python_setup_py']
[0.198s] Level 1:colcon.colcon_core.package_identification:_identify(.) by extension 'python_setup_py'
[0.198s] Level 1:colcon.colcon_core.package_identification:_identify(build) by extensions ['ignore', 'ignore_ament_install']
[0.198s] Level 1:colcon.colcon_core.package_identification:_identify(build) by extension 'ignore'
[0.198s] Level 1:colcon.colcon_core.package_identification:_identify(build) ignored
[0.198s] Level 1:colcon.colcon_core.package_identification:_identify(install) by extensions ['ignore', 'ignore_ament_install']
[0.198s] Level 1:colcon.colcon_core.package_identification:_identify(install) by extension 'ignore'
[0.198s] Level 1:colcon.colcon_core.package_identification:_identify(install) ignored
[0.199s] Level 1:colcon.colcon_core.package_identification:_identify(log) by extensions ['ignore', 'ignore_ament_install']
[0.199s] Level 1:colcon.colcon_core.package_identification:_identify(log) by extension 'ignore'
[0.199s] Level 1:colcon.colcon_core.package_identification:_identify(log) ignored
[0.199s] Level 1:colcon.colcon_core.package_identification:_identify(src) by extensions ['ignore', 'ignore_ament_install']
[0.199s] Level 1:colcon.colcon_core.package_identification:_identify(src) by extension 'ignore'
[0.199s] Level 1:colcon.colcon_core.package_identification:_identify(src) by extension 'ignore_ament_install'
[0.199s] Level 1:colcon.colcon_core.package_identification:_identify(src) by extensions ['colcon_pkg']
[0.199s] Level 1:colcon.colcon_core.package_identification:_identify(src) by extension 'colcon_pkg'
[0.199s] Level 1:colcon.colcon_core.package_identification:_identify(src) by extensions ['colcon_meta']
[0.199s] Level 1:colcon.colcon_core.package_identification:_identify(src) by extension 'colcon_meta'
[0.199s] Level 1:colcon.colcon_core.package_identification:_identify(src) by extensions ['ros']
[0.199s] Level 1:colcon.colcon_core.package_identification:_identify(src) by extension 'ros'
[0.199s] Level 1:colcon.colcon_core.package_identification:_identify(src) by extensions ['cmake', 'python']
[0.199s] Level 1:colcon.colcon_core.package_identification:_identify(src) by extension 'cmake'
[0.199s] Level 1:colcon.colcon_core.package_identification:_identify(src) by extension 'python'
[0.199s] Level 1:colcon.colcon_core.package_identification:_identify(src) by extensions ['python_setup_py']
[0.199s] Level 1:colcon.colcon_core.package_identification:_identify(src) by extension 'python_setup_py'
[0.199s] Level 1:colcon.colcon_core.package_identification:_identify(src/ros2robot1) by extensions ['ignore', 'ignore_ament_install']
[0.199s] Level 1:colcon.colcon_core.package_identification:_identify(src/ros2robot1) by extension 'ignore'
[0.199s] Level 1:colcon.colcon_core.package_identification:_identify(src/ros2robot1) by extension 'ignore_ament_install'
[0.199s] Level 1:colcon.colcon_core.package_identification:_identify(src/ros2robot1) by extensions ['colcon_pkg']
[0.199s] Level 1:colcon.colcon_core.package_identification:_identify(src/ros2robot1) by extension 'colcon_pkg'
[0.199s] Level 1:colcon.colcon_core.package_identification:_identify(src/ros2robot1) by extensions ['colcon_meta']
[0.199s] Level 1:colcon.colcon_core.package_identification:_identify(src/ros2robot1) by extension 'colcon_meta'
[0.199s] Level 1:colcon.colcon_core.package_identification:_identify(src/ros2robot1) by extensions ['ros']
[0.199s] Level 1:colcon.colcon_core.package_identification:_identify(src/ros2robot1) by extension 'ros'
[0.201s] DEBUG:colcon.colcon_core.package_identification:Package 'src/ros2robot1' with type 'ros.ament_cmake' and name 'ros2robot1'
[0.201s] Level 1:colcon.colcon_core.package_identification:_identify(src/ros_robot) by extensions ['ignore', 'ignore_ament_install']
[0.202s] Level 1:colcon.colcon_core.package_identification:_identify(src/ros_robot) by extension 'ignore'
[0.202s] Level 1:colcon.colcon_core.package_identification:_identify(src/ros_robot) by extension 'ignore_ament_install'
[0.202s] Level 1:colcon.colcon_core.package_identification:_identify(src/ros_robot) by extensions ['colcon_pkg']
[0.202s] Level 1:colcon.colcon_core.package_identification:_identify(src/ros_robot) by extension 'colcon_pkg'
[0.202s] Level 1:colcon.colcon_core.package_identification:_identify(src/ros_robot) by extensions ['colcon_meta']
[0.202s] Level 1:colcon.colcon_core.package_identification:_identify(src/ros_robot) by extension 'colcon_meta'
[0.202s] Level 1:colcon.colcon_core.package_identification:_identify(src/ros_robot) by extensions ['ros']
[0.202s] Level 1:colcon.colcon_core.package_identification:_identify(src/ros_robot) by extension 'ros'
[0.202s] DEBUG:colcon.colcon_core.package_identification:Package 'src/ros_robot' with type 'ros.ament_cmake' and name 'ros_robot'
[0.202s] Level 1:colcon.colcon_core.package_discovery:discover_packages(recursive) using defaults
[0.202s] Level 1:colcon.colcon_core.package_discovery:discover_packages(ignore) discover
[0.202s] Level 1:colcon.colcon_core.package_discovery:discover_packages(ignore) using defaults
[0.202s] Level 1:colcon.colcon_core.package_discovery:discover_packages(path) discover
[0.202s] Level 1:colcon.colcon_core.package_discovery:discover_packages(path) using defaults
[0.218s] Level 1:colcon.colcon_core.package_discovery:discover_packages(prefix_path) check parameters
[0.218s] Level 1:colcon.colcon_core.package_discovery:discover_packages(prefix_path) discover
[0.220s] DEBUG:colcon.colcon_installed_package_information.package_discovery:Found 335 installed packages in /opt/ros/humble
[0.228s] Level 1:colcon.colcon_core.package_discovery:discover_packages(prefix_path) using defaults
[0.255s] Level 5:colcon.colcon_core.verb:set package 'ros2robot1' build argument 'cmake_args' from command line to 'None'
[0.255s] Level 5:colcon.colcon_core.verb:set package 'ros2robot1' build argument 'cmake_target' from command line to 'None'
[0.255s] Level 5:colcon.colcon_core.verb:set package 'ros2robot1' build argument 'cmake_target_skip_unavailable' from command line to 'False'
[0.255s] Level 5:colcon.colcon_core.verb:set package 'ros2robot1' build argument 'cmake_clean_cache' from command line to 'False'
[0.255s] Level 5:colcon.colcon_core.verb:set package 'ros2robot1' build argument 'cmake_clean_first' from command line to 'False'
[0.255s] Level 5:colcon.colcon_core.verb:set package 'ros2robot1' build argument 'cmake_force_configure' from command line to 'False'
[0.255s] Level 5:colcon.colcon_core.verb:set package 'ros2robot1' build argument 'ament_cmake_args' from command line to 'None'
[0.255s] Level 5:colcon.colcon_core.verb:set package 'ros2robot1' build argument 'catkin_cmake_args' from command line to 'None'
[0.256s] Level 5:colcon.colcon_core.verb:set package 'ros2robot1' build argument 'catkin_skip_building_tests' from command line to 'False'
[0.256s] DEBUG:colcon.colcon_core.verb:Building package 'ros2robot1' with the following arguments: {'ament_cmake_args': None, 'build_base': '/home/whx/ros_sw2/build/ros2robot1', 'catkin_cmake_args': None, 'catkin_skip_building_tests': False, 'cmake_args': None, 'cmake_clean_cache': False, 'cmake_clean_first': False, 'cmake_force_configure': False, 'cmake_target': None, 'cmake_target_skip_unavailable': False, 'install_base': '/home/whx/ros_sw2/install/ros2robot1', 'merge_install': False, 'path': '/home/whx/ros_sw2/src/ros2robot1', 'symlink_install': False, 'test_result_base': None}
[0.256s] Level 5:colcon.colcon_core.verb:set package 'ros_robot' build argument 'cmake_args' from command line to 'None'
[0.256s] Level 5:colcon.colcon_core.verb:set package 'ros_robot' build argument 'cmake_target' from command line to 'None'
[0.256s] Level 5:colcon.colcon_core.verb:set package 'ros_robot' build argument 'cmake_target_skip_unavailable' from command line to 'False'
[0.256s] Level 5:colcon.colcon_core.verb:set package 'ros_robot' build argument 'cmake_clean_cache' from command line to 'False'
[0.256s] Level 5:colcon.colcon_core.verb:set package 'ros_robot' build argument 'cmake_clean_first' from command line to 'False'
[0.256s] Level 5:colcon.colcon_core.verb:set package 'ros_robot' build argument 'cmake_force_configure' from command line to 'False'
[0.256s] Level 5:colcon.colcon_core.verb:set package 'ros_robot' build argument 'ament_cmake_args' from command line to 'None'
[0.256s] Level 5:colcon.colcon_core.verb:set package 'ros_robot' build argument 'catkin_cmake_args' from command line to 'None'
[0.256s] Level 5:colcon.colcon_core.verb:set package 'ros_robot' build argument 'catkin_skip_building_tests' from command line to 'False'
[0.256s] DEBUG:colcon.colcon_core.verb:Building package 'ros_robot' with the following arguments: {'ament_cmake_args': None, 'build_base': '/home/whx/ros_sw2/build/ros_robot', 'catkin_cmake_args': None, 'catkin_skip_building_tests': False, 'cmake_args': None, 'cmake_clean_cache': False, 'cmake_clean_first': False, 'cmake_force_configure': False, 'cmake_target': None, 'cmake_target_skip_unavailable': False, 'install_base': '/home/whx/ros_sw2/install/ros_robot', 'merge_install': False, 'path': '/home/whx/ros_sw2/src/ros_robot', 'symlink_install': False, 'test_result_base': None}
[0.256s] INFO:colcon.colcon_core.executor:Executing jobs using 'parallel' executor
[0.257s] DEBUG:colcon.colcon_parallel_executor.executor.parallel:run_until_complete
[0.257s] INFO:colcon.colcon_ros.task.ament_cmake.build:Building ROS package in '/home/whx/ros_sw2/src/ros2robot1' with build type 'ament_cmake'
[0.257s] INFO:colcon.colcon_cmake.task.cmake.build:Building CMake package in '/home/whx/ros_sw2/src/ros2robot1'
[0.259s] INFO:colcon.colcon_core.plugin_system:Skipping extension 'colcon_core.shell.bat': Not used on non-Windows systems
[0.259s] INFO:colcon.colcon_core.shell:Skip shell extension 'powershell' for command environment: Not usable outside of PowerShell
[0.259s] DEBUG:colcon.colcon_core.shell:Skip shell extension 'dsv' for command environment
[0.261s] INFO:colcon.colcon_ros.task.ament_cmake.build:Building ROS package in '/home/whx/ros_sw2/src/ros_robot' with build type 'ament_cmake'
[0.261s] INFO:colcon.colcon_cmake.task.cmake.build:Building CMake package in '/home/whx/ros_sw2/src/ros_robot'
[0.262s] INFO:colcon.colcon_core.shell:Skip shell extension 'powershell' for command environment: Not usable outside of PowerShell
[0.262s] DEBUG:colcon.colcon_core.shell:Skip shell extension 'dsv' for command environment
[0.267s] DEBUG:colcon.colcon_core.event_handler.log_command:Invoking command in '/home/whx/ros_sw2/build/ros2robot1': CMAKE_PREFIX_PATH=/opt/ros/humble /usr/bin/cmake --build /home/whx/ros_sw2/build/ros2robot1 -- -j20 -l20
[0.269s] DEBUG:colcon.colcon_core.event_handler.log_command:Invoking command in '/home/whx/ros_sw2/build/ros_robot': CMAKE_PREFIX_PATH=/opt/ros/humble /usr/bin/cmake --build /home/whx/ros_sw2/build/ros_robot -- -j20 -l20
[0.290s] DEBUG:colcon.colcon_core.event_handler.log_command:Invoked command in '/home/whx/ros_sw2/build/ros_robot' returned '0': CMAKE_PREFIX_PATH=/opt/ros/humble /usr/bin/cmake --build /home/whx/ros_sw2/build/ros_robot -- -j20 -l20
[0.296s] DEBUG:colcon.colcon_core.event_handler.log_command:Invoking command in '/home/whx/ros_sw2/build/ros_robot': CMAKE_PREFIX_PATH=/opt/ros/humble /usr/bin/cmake --install /home/whx/ros_sw2/build/ros_robot
[0.296s] DEBUG:colcon.colcon_core.event_handler.log_command:Invoked command in '/home/whx/ros_sw2/build/ros2robot1' returned '0': CMAKE_PREFIX_PATH=/opt/ros/humble /usr/bin/cmake --build /home/whx/ros_sw2/build/ros2robot1 -- -j20 -l20
[0.297s] DEBUG:colcon.colcon_core.event_handler.log_command:Invoking command in '/home/whx/ros_sw2/build/ros2robot1': CMAKE_PREFIX_PATH=/opt/ros/humble /usr/bin/cmake --install /home/whx/ros_sw2/build/ros2robot1
[0.301s] Level 1:colcon.colcon_core.environment:create_environment_scripts_only(ros_robot)
[0.302s] DEBUG:colcon.colcon_core.event_handler.log_command:Invoked command in '/home/whx/ros_sw2/build/ros_robot' returned '0': CMAKE_PREFIX_PATH=/opt/ros/humble /usr/bin/cmake --install /home/whx/ros_sw2/build/ros_robot
[0.304s] Level 1:colcon.colcon_core.environment:checking '/home/whx/ros_sw2/install/ros_robot' for CMake module files
[0.305s] Level 1:colcon.colcon_core.environment:checking '/home/whx/ros_sw2/install/ros_robot' for CMake config files
[0.305s] Level 1:colcon.colcon_core.shell:create_environment_hook('ros_robot', 'cmake_prefix_path')
[0.305s] INFO:colcon.colcon_core.shell:Creating environment hook '/home/whx/ros_sw2/install/ros_robot/share/ros_robot/hook/cmake_prefix_path.ps1'
[0.306s] INFO:colcon.colcon_core.shell:Creating environment descriptor '/home/whx/ros_sw2/install/ros_robot/share/ros_robot/hook/cmake_prefix_path.dsv'
[0.306s] INFO:colcon.colcon_core.shell:Creating environment hook '/home/whx/ros_sw2/install/ros_robot/share/ros_robot/hook/cmake_prefix_path.sh'
[0.307s] Level 1:colcon.colcon_core.environment:checking '/home/whx/ros_sw2/install/ros_robot/bin'
[0.307s] Level 1:colcon.colcon_core.environment:checking '/home/whx/ros_sw2/install/ros_robot/lib/pkgconfig/ros_robot.pc'
[0.307s] Level 1:colcon.colcon_core.environment:checking '/home/whx/ros_sw2/install/ros_robot/lib/python3.10/site-packages'
[0.307s] Level 1:colcon.colcon_core.environment:checking '/home/whx/ros_sw2/install/ros_robot/bin'
[0.307s] INFO:colcon.colcon_core.shell:Creating package script '/home/whx/ros_sw2/install/ros_robot/share/ros_robot/package.ps1'
[0.308s] INFO:colcon.colcon_core.shell:Creating package descriptor '/home/whx/ros_sw2/install/ros_robot/share/ros_robot/package.dsv'
[0.308s] INFO:colcon.colcon_core.shell:Creating package script '/home/whx/ros_sw2/install/ros_robot/share/ros_robot/package.sh'
[0.309s] INFO:colcon.colcon_core.shell:Creating package script '/home/whx/ros_sw2/install/ros_robot/share/ros_robot/package.bash'
[0.309s] INFO:colcon.colcon_core.shell:Creating package script '/home/whx/ros_sw2/install/ros_robot/share/ros_robot/package.zsh'
[0.310s] Level 1:colcon.colcon_core.environment:create_file_with_runtime_dependencies(/home/whx/ros_sw2/install/ros_robot/share/colcon-core/packages/ros_robot)
[0.310s] Level 1:colcon.colcon_core.environment:create_environment_scripts_only(ros_robot)
[0.310s] Level 1:colcon.colcon_core.environment:checking '/home/whx/ros_sw2/install/ros_robot' for CMake module files
[0.310s] Level 1:colcon.colcon_core.environment:checking '/home/whx/ros_sw2/install/ros_robot' for CMake config files
[0.310s] Level 1:colcon.colcon_core.shell:create_environment_hook('ros_robot', 'cmake_prefix_path')
[0.310s] INFO:colcon.colcon_core.shell:Creating environment hook '/home/whx/ros_sw2/install/ros_robot/share/ros_robot/hook/cmake_prefix_path.ps1'
[0.311s] INFO:colcon.colcon_core.shell:Creating environment descriptor '/home/whx/ros_sw2/install/ros_robot/share/ros_robot/hook/cmake_prefix_path.dsv'
[0.311s] INFO:colcon.colcon_core.shell:Creating environment hook '/home/whx/ros_sw2/install/ros_robot/share/ros_robot/hook/cmake_prefix_path.sh'
[0.311s] Level 1:colcon.colcon_core.environment:checking '/home/whx/ros_sw2/install/ros_robot/bin'
[0.311s] Level 1:colcon.colcon_core.environment:checking '/home/whx/ros_sw2/install/ros_robot/lib/pkgconfig/ros_robot.pc'
[0.311s] Level 1:colcon.colcon_core.environment:checking '/home/whx/ros_sw2/install/ros_robot/lib/python3.10/site-packages'
[0.312s] Level 1:colcon.colcon_core.environment:checking '/home/whx/ros_sw2/install/ros_robot/bin'
[0.312s] INFO:colcon.colcon_core.shell:Creating package script '/home/whx/ros_sw2/install/ros_robot/share/ros_robot/package.ps1'
[0.312s] INFO:colcon.colcon_core.shell:Creating package descriptor '/home/whx/ros_sw2/install/ros_robot/share/ros_robot/package.dsv'
[0.312s] INFO:colcon.colcon_core.shell:Creating package script '/home/whx/ros_sw2/install/ros_robot/share/ros_robot/package.sh'
[0.312s] INFO:colcon.colcon_core.shell:Creating package script '/home/whx/ros_sw2/install/ros_robot/share/ros_robot/package.bash'
[0.313s] INFO:colcon.colcon_core.shell:Creating package script '/home/whx/ros_sw2/install/ros_robot/share/ros_robot/package.zsh'
[0.313s] Level 1:colcon.colcon_core.environment:create_file_with_runtime_dependencies(/home/whx/ros_sw2/install/ros_robot/share/colcon-core/packages/ros_robot)
[0.313s] Level 1:colcon.colcon_core.environment:create_environment_scripts_only(ros2robot1)
[0.314s] Level 1:colcon.colcon_core.environment:checking '/home/whx/ros_sw2/install/ros2robot1' for CMake module files
[0.314s] DEBUG:colcon.colcon_core.event_handler.log_command:Invoked command in '/home/whx/ros_sw2/build/ros2robot1' returned '0': CMAKE_PREFIX_PATH=/opt/ros/humble /usr/bin/cmake --install /home/whx/ros_sw2/build/ros2robot1
[0.314s] Level 1:colcon.colcon_core.environment:checking '/home/whx/ros_sw2/install/ros2robot1' for CMake config files
[0.314s] Level 1:colcon.colcon_core.shell:create_environment_hook('ros2robot1', 'cmake_prefix_path')
[0.315s] INFO:colcon.colcon_core.shell:Creating environment hook '/home/whx/ros_sw2/install/ros2robot1/share/ros2robot1/hook/cmake_prefix_path.ps1'
[0.315s] INFO:colcon.colcon_core.shell:Creating environment descriptor '/home/whx/ros_sw2/install/ros2robot1/share/ros2robot1/hook/cmake_prefix_path.dsv'
[0.315s] INFO:colcon.colcon_core.shell:Creating environment hook '/home/whx/ros_sw2/install/ros2robot1/share/ros2robot1/hook/cmake_prefix_path.sh'
[0.315s] Level 1:colcon.colcon_core.environment:checking '/home/whx/ros_sw2/install/ros2robot1/bin'
[0.316s] Level 1:colcon.colcon_core.environment:checking '/home/whx/ros_sw2/install/ros2robot1/lib/pkgconfig/ros2robot1.pc'
[0.316s] Level 1:colcon.colcon_core.environment:checking '/home/whx/ros_sw2/install/ros2robot1/lib/python3.10/site-packages'
[0.316s] Level 1:colcon.colcon_core.environment:checking '/home/whx/ros_sw2/install/ros2robot1/bin'
[0.316s] INFO:colcon.colcon_core.shell:Creating package script '/home/whx/ros_sw2/install/ros2robot1/share/ros2robot1/package.ps1'
[0.316s] INFO:colcon.colcon_core.shell:Creating package descriptor '/home/whx/ros_sw2/install/ros2robot1/share/ros2robot1/package.dsv'
[0.316s] INFO:colcon.colcon_core.shell:Creating package script '/home/whx/ros_sw2/install/ros2robot1/share/ros2robot1/package.sh'
[0.317s] INFO:colcon.colcon_core.shell:Creating package script '/home/whx/ros_sw2/install/ros2robot1/share/ros2robot1/package.bash'
[0.317s] INFO:colcon.colcon_core.shell:Creating package script '/home/whx/ros_sw2/install/ros2robot1/share/ros2robot1/package.zsh'
[0.317s] Level 1:colcon.colcon_core.environment:create_file_with_runtime_dependencies(/home/whx/ros_sw2/install/ros2robot1/share/colcon-core/packages/ros2robot1)
[0.317s] Level 1:colcon.colcon_core.environment:create_environment_scripts_only(ros2robot1)
[0.317s] Level 1:colcon.colcon_core.environment:checking '/home/whx/ros_sw2/install/ros2robot1' for CMake module files
[0.318s] Level 1:colcon.colcon_core.environment:checking '/home/whx/ros_sw2/install/ros2robot1' for CMake config files
[0.318s] Level 1:colcon.colcon_core.shell:create_environment_hook('ros2robot1', 'cmake_prefix_path')
[0.318s] INFO:colcon.colcon_core.shell:Creating environment hook '/home/whx/ros_sw2/install/ros2robot1/share/ros2robot1/hook/cmake_prefix_path.ps1'
[0.318s] INFO:colcon.colcon_core.shell:Creating environment descriptor '/home/whx/ros_sw2/install/ros2robot1/share/ros2robot1/hook/cmake_prefix_path.dsv'
[0.318s] INFO:colcon.colcon_core.shell:Creating environment hook '/home/whx/ros_sw2/install/ros2robot1/share/ros2robot1/hook/cmake_prefix_path.sh'
[0.319s] Level 1:colcon.colcon_core.environment:checking '/home/whx/ros_sw2/install/ros2robot1/bin'
[0.319s] Level 1:colcon.colcon_core.environment:checking '/home/whx/ros_sw2/install/ros2robot1/lib/pkgconfig/ros2robot1.pc'
[0.319s] Level 1:colcon.colcon_core.environment:checking '/home/whx/ros_sw2/install/ros2robot1/lib/python3.10/site-packages'
[0.319s] Level 1:colcon.colcon_core.environment:checking '/home/whx/ros_sw2/install/ros2robot1/bin'
[0.319s] INFO:colcon.colcon_core.shell:Creating package script '/home/whx/ros_sw2/install/ros2robot1/share/ros2robot1/package.ps1'
[0.319s] INFO:colcon.colcon_core.shell:Creating package descriptor '/home/whx/ros_sw2/install/ros2robot1/share/ros2robot1/package.dsv'
[0.320s] INFO:colcon.colcon_core.shell:Creating package script '/home/whx/ros_sw2/install/ros2robot1/share/ros2robot1/package.sh'
[0.320s] INFO:colcon.colcon_core.shell:Creating package script '/home/whx/ros_sw2/install/ros2robot1/share/ros2robot1/package.bash'
[0.320s] INFO:colcon.colcon_core.shell:Creating package script '/home/whx/ros_sw2/install/ros2robot1/share/ros2robot1/package.zsh'
[0.320s] Level 1:colcon.colcon_core.environment:create_file_with_runtime_dependencies(/home/whx/ros_sw2/install/ros2robot1/share/colcon-core/packages/ros2robot1)
[0.320s] DEBUG:colcon.colcon_parallel_executor.executor.parallel:closing loop
[0.320s] DEBUG:colcon.colcon_parallel_executor.executor.parallel:loop closed
[0.321s] DEBUG:colcon.colcon_parallel_executor.executor.parallel:run_until_complete finished with '0'
[0.321s] DEBUG:colcon.colcon_core.event_reactor:joining thread
[0.325s] INFO:colcon.colcon_core.plugin_system:Skipping extension 'colcon_notification.desktop_notification.terminal_notifier': Not used on non-Darwin systems
[0.325s] INFO:colcon.colcon_core.plugin_system:Skipping extension 'colcon_notification.desktop_notification.win32': Not used on non-Windows systems
[0.325s] INFO:colcon.colcon_notification.desktop_notification:Sending desktop notification using 'notify2'
[0.338s] DEBUG:colcon.colcon_core.event_reactor:joined thread
[0.339s] INFO:colcon.colcon_core.shell:Creating prefix script '/home/whx/ros_sw2/install/local_setup.ps1'
[0.340s] INFO:colcon.colcon_core.shell:Creating prefix util module '/home/whx/ros_sw2/install/_local_setup_util_ps1.py'
[0.341s] INFO:colcon.colcon_core.shell:Creating prefix chain script '/home/whx/ros_sw2/install/setup.ps1'
[0.342s] INFO:colcon.colcon_core.shell:Creating prefix script '/home/whx/ros_sw2/install/local_setup.sh'
[0.343s] INFO:colcon.colcon_core.shell:Creating prefix util module '/home/whx/ros_sw2/install/_local_setup_util_sh.py'
[0.343s] INFO:colcon.colcon_core.shell:Creating prefix chain script '/home/whx/ros_sw2/install/setup.sh'
[0.344s] INFO:colcon.colcon_core.shell:Creating prefix script '/home/whx/ros_sw2/install/local_setup.bash'
[0.345s] INFO:colcon.colcon_core.shell:Creating prefix chain script '/home/whx/ros_sw2/install/setup.bash'
[0.346s] INFO:colcon.colcon_core.shell:Creating prefix script '/home/whx/ros_sw2/install/local_setup.zsh'
[0.346s] INFO:colcon.colcon_core.shell:Creating prefix chain script '/home/whx/ros_sw2/install/setup.zsh'
