[0.006s] Invoking command in '/home/whx/ros_sw2/build/ros2robot1': CMAKE_PREFIX_PATH=${CMAKE_PREFIX_PATH}:/opt/ros/humble /usr/bin/cmake /home/whx/ros_sw2/src/ros2robot1 -DCMAKE_INSTALL_PREFIX=/home/whx/ros_sw2/install/ros2robot1
[0.066s] -- The C compiler identification is GNU 11.4.0
[0.114s] -- The CXX compiler identification is GNU 11.4.0
[0.120s] -- Detecting C compiler ABI info
[0.157s] -- Detecting C compiler ABI info - done
[0.161s] -- Check for working C compiler: /usr/bin/cc - skipped
[0.161s] -- Detecting C compile features
[0.161s] -- Detecting C compile features - done
[0.164s] -- Detecting CXX compiler ABI info
[0.206s] -- Detecting CXX compiler ABI info - done
[0.210s] -- Check for working CXX compiler: /usr/bin/c++ - skipped
[0.210s] -- Detecting CXX compile features
[0.211s] -- Detecting CXX compile features - done
[0.214s] -- Found ament_cmake: 1.3.14 (/opt/ros/humble/share/ament_cmake/cmake)
[0.299s] -- Found Python3: /usr/bin/python3 (found version "3.10.12") found components: Interpreter 
[0.354s] -- Found ament_lint_auto: 0.12.15 (/opt/ros/humble/share/ament_lint_auto/cmake)
[0.392s] -- Configuring done
[0.394s] -- Generating done
[0.395s] -- Build files have been written to: /home/whx/ros_sw2/build/ros2robot1
[0.398s] Invoked command in '/home/whx/ros_sw2/build/ros2robot1' returned '0': CMAKE_PREFIX_PATH=${CMAKE_PREFIX_PATH}:/opt/ros/humble /usr/bin/cmake /home/whx/ros_sw2/src/ros2robot1 -DCMAKE_INSTALL_PREFIX=/home/whx/ros_sw2/install/ros2robot1
[0.399s] Invoking command in '/home/whx/ros_sw2/build/ros2robot1': CMAKE_PREFIX_PATH=${CMAKE_PREFIX_PATH}:/opt/ros/humble /usr/bin/cmake --build /home/whx/ros_sw2/build/ros2robot1 -- -j20 -l20
[0.418s] Invoked command in '/home/whx/ros_sw2/build/ros2robot1' returned '0': CMAKE_PREFIX_PATH=${CMAKE_PREFIX_PATH}:/opt/ros/humble /usr/bin/cmake --build /home/whx/ros_sw2/build/ros2robot1 -- -j20 -l20
[0.423s] Invoking command in '/home/whx/ros_sw2/build/ros2robot1': CMAKE_PREFIX_PATH=${CMAKE_PREFIX_PATH}:/opt/ros/humble /usr/bin/cmake --install /home/whx/ros_sw2/build/ros2robot1
[0.426s] -- Install configuration: ""
[0.426s] -- Installing: /home/whx/ros_sw2/install/ros2robot1/share/ros2robot1/package.xml
[0.426s] -- Installing: /home/whx/ros_sw2/install/ros2robot1/share/ros2robot1/launch
[0.426s] -- Installing: /home/whx/ros_sw2/install/ros2robot1/share/ros2robot1/launch/display.launch
[0.426s] -- Installing: /home/whx/ros_sw2/install/ros2robot1/share/ros2robot1/launch/gazebo.launch
[0.426s] -- Installing: /home/whx/ros_sw2/install/ros2robot1/share/ros2robot1/launch/gazebo.launch.py
[0.426s] -- Installing: /home/whx/ros_sw2/install/ros2robot1/share/ros2robot1/urdf
[0.426s] -- Installing: /home/whx/ros_sw2/install/ros2robot1/share/ros2robot1/urdf/ros2robot1.urdf.xacro
[0.426s] -- Installing: /home/whx/ros_sw2/install/ros2robot1/share/ros2robot1/urdf/ros2robot1.csv
[0.427s] -- Installing: /home/whx/ros_sw2/install/ros2robot1/share/ros2robot1/world
[0.427s] -- Installing: /home/whx/ros_sw2/install/ros2robot1/share/ros2robot1/world/custom_room.world
[0.427s] -- Installing: /home/whx/ros_sw2/install/ros2robot1/share/ros2robot1/world/room
[0.427s] -- Installing: /home/whx/ros_sw2/install/ros2robot1/share/ros2robot1/world/room/model.config
[0.427s] -- Installing: /home/whx/ros_sw2/install/ros2robot1/share/ros2robot1/world/room/model.sdf
[0.427s] -- Installing: /home/whx/ros_sw2/install/ros2robot1/share/ros2robot1/config
[0.427s] -- Installing: /home/whx/ros_sw2/install/ros2robot1/share/ros2robot1/config/ros2_controllers.yaml
[0.427s] -- Up-to-date: /home/whx/ros_sw2/install/ros2robot1/share/ros2robot1/package.xml
[0.428s] -- Installing: /home/whx/ros_sw2/install/ros2robot1/share/ament_index/resource_index/package_run_dependencies/ros2robot1
[0.428s] -- Installing: /home/whx/ros_sw2/install/ros2robot1/share/ament_index/resource_index/parent_prefix_path/ros2robot1
[0.428s] -- Installing: /home/whx/ros_sw2/install/ros2robot1/share/ros2robot1/environment/ament_prefix_path.sh
[0.428s] -- Installing: /home/whx/ros_sw2/install/ros2robot1/share/ros2robot1/environment/ament_prefix_path.dsv
[0.428s] -- Installing: /home/whx/ros_sw2/install/ros2robot1/share/ros2robot1/environment/path.sh
[0.428s] -- Installing: /home/whx/ros_sw2/install/ros2robot1/share/ros2robot1/environment/path.dsv
[0.429s] -- Installing: /home/whx/ros_sw2/install/ros2robot1/share/ros2robot1/local_setup.bash
[0.429s] -- Installing: /home/whx/ros_sw2/install/ros2robot1/share/ros2robot1/local_setup.sh
[0.429s] -- Installing: /home/whx/ros_sw2/install/ros2robot1/share/ros2robot1/local_setup.zsh
[0.429s] -- Installing: /home/whx/ros_sw2/install/ros2robot1/share/ros2robot1/local_setup.dsv
[0.429s] -- Installing: /home/whx/ros_sw2/install/ros2robot1/share/ros2robot1/package.dsv
[0.429s] -- Installing: /home/whx/ros_sw2/install/ros2robot1/share/ament_index/resource_index/packages/ros2robot1
[0.429s] -- Installing: /home/whx/ros_sw2/install/ros2robot1/share/ros2robot1/cmake/ros2robot1Config.cmake
[0.429s] -- Installing: /home/whx/ros_sw2/install/ros2robot1/share/ros2robot1/cmake/ros2robot1Config-version.cmake
[0.429s] -- Up-to-date: /home/whx/ros_sw2/install/ros2robot1/share/ros2robot1/package.xml
[0.439s] Invoked command in '/home/whx/ros_sw2/build/ros2robot1' returned '0': CMAKE_PREFIX_PATH=${CMAKE_PREFIX_PATH}:/opt/ros/humble /usr/bin/cmake --install /home/whx/ros_sw2/build/ros2robot1
