[0.005s] Invoking command in '/home/whx/ros_sw2/build/ros_robot': CMAKE_PREFIX_PATH=${CMAKE_PREFIX_PATH}:/opt/ros/humble /usr/bin/cmake --build /home/whx/ros_sw2/build/ros_robot -- -j20 -l20
[0.029s] Invoked command in '/home/whx/ros_sw2/build/ros_robot' returned '0': CMAKE_PREFIX_PATH=${CMAKE_PREFIX_PATH}:/opt/ros/humble /usr/bin/cmake --build /home/whx/ros_sw2/build/ros_robot -- -j20 -l20
[0.029s] Invoking command in '/home/whx/ros_sw2/build/ros_robot': CMAKE_PREFIX_PATH=${CMAKE_PREFIX_PATH}:/opt/ros/humble /usr/bin/cmake --install /home/whx/ros_sw2/build/ros_robot
[0.033s] -- Install configuration: ""
[0.033s] -- Up-to-date: /home/whx/ros_sw2/install/ros_robot/share/ament_index/resource_index/package_run_dependencies/ros_robot
[0.033s] -- Up-to-date: /home/whx/ros_sw2/install/ros_robot/share/ament_index/resource_index/parent_prefix_path/ros_robot
[0.033s] -- Up-to-date: /home/whx/ros_sw2/install/ros_robot/share/ros_robot/environment/ament_prefix_path.sh
[0.033s] -- Up-to-date: /home/whx/ros_sw2/install/ros_robot/share/ros_robot/environment/ament_prefix_path.dsv
[0.033s] -- Up-to-date: /home/whx/ros_sw2/install/ros_robot/share/ros_robot/environment/path.sh
[0.033s] -- Up-to-date: /home/whx/ros_sw2/install/ros_robot/share/ros_robot/environment/path.dsv
[0.033s] -- Up-to-date: /home/whx/ros_sw2/install/ros_robot/share/ros_robot/local_setup.bash
[0.033s] -- Up-to-date: /home/whx/ros_sw2/install/ros_robot/share/ros_robot/local_setup.sh
[0.033s] -- Up-to-date: /home/whx/ros_sw2/install/ros_robot/share/ros_robot/local_setup.zsh
[0.033s] -- Up-to-date: /home/whx/ros_sw2/install/ros_robot/share/ros_robot/local_setup.dsv
[0.033s] -- Installing: /home/whx/ros_sw2/install/ros_robot/share/ros_robot/package.dsv
[0.033s] -- Up-to-date: /home/whx/ros_sw2/install/ros_robot/share/ament_index/resource_index/packages/ros_robot
[0.033s] -- Up-to-date: /home/whx/ros_sw2/install/ros_robot/share/ros_robot/cmake/ros_robotConfig.cmake
[0.033s] -- Up-to-date: /home/whx/ros_sw2/install/ros_robot/share/ros_robot/cmake/ros_robotConfig-version.cmake
[0.033s] -- Up-to-date: /home/whx/ros_sw2/install/ros_robot/share/ros_robot/package.xml
[0.042s] Invoked command in '/home/whx/ros_sw2/build/ros_robot' returned '0': CMAKE_PREFIX_PATH=${CMAKE_PREFIX_PATH}:/opt/ros/humble /usr/bin/cmake --install /home/whx/ros_sw2/build/ros_robot
